---
source: src/queue/slurm.rs
expression: got
---
(cd opt0.inp && $DFTB_PATH > out)
(cd opt1.inp && $DFTB_PATH > out)
(cd opt2.inp && $DFTB_PATH > out)
(cd opt3.inp && $DFTB_PATH > out)
