---
source: src/queue/local.rs
expression: got
---
export LD_LIBRARY_PATH=/opt/mopac/
